social.are
skills.are
rom.are
help.are
helpmag.are
helpcle.are
helpdru.are
olc.hlp
limbo.are
rezerwua.are
dwarfs.are
trakt1.are
carralla.are
krastra.are
lasek6.are
smietnik.are
nhak.are
cromtwie.are
bibliote.are
zyzpola.are
zielzbo.are
elfilas.are
ogrod.are
swgora.are
arrmage.are
ehavenii.are
drogapd.are
dablah.are
traktfal.are
drozach.are
bartdal.are
school.are
jama.are
ehaveni.are
szkolka.are
xyntia.are
xyntia2.are
syfon.are
deggal.are
arras.are
cmenta.are
szlak2.are
kanarr1.are
mstepy.are
niedzawr.are
jask1.are
ogres.are
swboga0b.are
zajazd1.are
spalona.are
potworki.are
wiocha1.are
obozwyrz.are
nothin.are
kryjpir.are
zaspy1.are
bibldrog.are
kamienic.are
cmentb.are
obozwojs.are
swulryka.are
myrilon.are
gorlod.are
puszcza.are
necros.are
death.are
kamkrag.are
polankap.are
kaplroad.are
bagienko.are
kuter.are
seeyma.are
caves.are
paladyni.are
naugrim.are
naugrim2.are
bkisklan.are
darkhunt.are
dziwlas.are
rseklan.are
oblakani.are
carraobw.are
mallas.are
darkcast.are
traktobi.are
baskai.are
zlodziej.are
rareitem.are
jask2.are
rzadlas.are
puszcza2.are
lesnesan.are
jeziorko.are
warownia.are
ogrodek.are
magijask.are
clanbani.are
wiatrak.are
clanbrac.are
calizar.are
cmentudg.are
drudzki.are
pustynia.are
carrfort.are
carrgory.are
lodowkra.are
clanfeni.are
carra0sw.are
polebitw.are
krasnale.are
carchram.are
traktpus.are
grota.are
clanlowc.are
clansekt.are
lesnapie.are
carpola1.are
carpola2.are
underhil.are
$
