social.are
helpblk.are
olc.hlp
help.are
helpcle.are
helpdru.are
helpmag.are
skills.are
limbo.are
rezerwua.are
rezerwuc.are
rezerwuf.are
rezerwuj.are
rezerwum.are
dwarfs.are
trakt1.are
carralla.are
krastra.are
lasek6.are
smietnik.are
nhak.are
centaur.are
bibliote.are
zyzpola.are
zielzbo.are
elfilas.are
ogrod.are
swgora.are
arrmage.are
ehavenii.are
jama.are
dp1arras.are
dablah.are
carpola2.are
carpola1.are
carlatar.are
traktfal.are
bartdal.are
laseloch.are
carchram.are
ehaveni.are
szkolka.are
xyntia.are
dworarr1.are
myrilon.are
carelfia.are
dp3arras.are
dwarfsob.are
deggal.are
arras.are
zilben.are
xyntia2.are
cmenta.are
szlak2.are
kanarr1.are
builder.are
mstepy.are
dp2arras.are
niedzawr.are
ogres.are
galeonk.are
bagnotab.are
caves.are
swboga0b.are
necros.are
adria.are
zajazd1.are
spalona.are
potworki.are
eastbarb.are
wiocha1.are
carrgory.are
ogrodek.are
death.are
laswici3.are
drozach.are
laswici4.are
obozwyrz.are
lasek3nf.are
bagnank.are
nothin.are
jask1.are
jask2.are
pm1koryt.are
wioskank.are
warownia.are
kryjpir.are
zaspy1.are
bibldrog.are
caropusz.are
lesnesan.are
kamkrag.are
kamienic.are
cmentb.are
seeyma1.are
obozwojs.are
carporte.are
kaplroad.are
gorlod.are
puszcza.are
naugrim.are
polankap.are
bagienko.are
kuter.are
syfon.are
paladyni.are
dziwlas.are
viocha2.are
carrfort.are
narshe.are
traktpus.are
oblakani.are
naugrim2.are
carraobw.are
sorrow.are
mallas.are
krasnale.are
baskai.are
dokiport.are
traktobi.are
wioevyr.are
magijask.are
jeziorko.are
polad.are
rzadlas.are
traktpds.are
rareitem.are
calizar.are
wiatrak.are
obilon.are
illithid.are
lodowkra.are
drudzki.are
puszcza2.are
sciemocz.are
gnomelab.are
arrascde.are
underhil.are
lesnapie.are
cmentudg.are
polebitw.are
osada.are
nkplaza.are
carrtart.are
carrkarc.are
smolarze.are
ruinykli.are
niziolki.are
grota.are
hntdhall.are
wodnadr.are
caraokol.are
smoczkop.are
lasarras.are
carpaja.are
gorjaski.are
pustbarb.are
wezowisk.are
wieldrze.are
porthand.are
nklas1.are
zimrow1.are
westfort.are
gorykras.are
wyspaund.are
laswici1.are
fortwest.are
carrcyrk.are
illithi2.are
szdruid.are
szkleryk.are
szwojown.are
szpalady.are
szmag.are
szzlodzi.are
szbarbar.are
szblk.are
pustynia.are
kopkras2.are
carrkana.are
zajazd2.are
lascieni.are
kanarra2.are
zlodziej.are
carauniw.are
nksmok.are
podzjez.are
przetrl.are
carrwiez.are
starcmen.are
laswici2.are
gorsklas.are
carrszto.are
katjez.are
jaskalie.are
placdrow.are
wzgogiga.are
czciciel.are
testerow.are
deltank.are
carrkar2.are
dworek2a.are
oblakany.are
stadnina.are
pmswiaty.are
wioskork.are
oktrak7.are
obilonea.are
traktl3.are
zachtra2.are
traktskr.are
obilonsr.are
pustkory.are
wyspaty.are
wulkpusz.are
ogry2.are
carbag.are
zajazdfc.are
caradpp.are
yeti.are
lowcsmok.are
silea.are
tytanoce.are
lodwoj.are
obozlas.are
bagna312.are
pmpodd.are
pmdomszl.are
stadkon2.are
lasarfor.are
trgorkl.are
ogrgor.are
ogrgor1.are
yetsm.are
scieevk.are
ogrgor2.are
jasork.are
jaskgsm.are
opkopaln.are
lasesf.are
zrdom.are
hrabstwo.are
snienora.are
dolmiast.are
jamgobl.are
nksniezn.are
nkwyzyny.are
narshsci.are
oktrak9.are
pmwejsci.are
pmrozsta.are
wargnoll.are
drogprzo.are
osadaelf.are
obuzdure.are
obilswia.are
iglica.are
drowpl.are
nawiepol.are
podznekr.are
zajkaczk.are
pmkopa2.are
traktl5.are
traktl6.are
traktl1c.are
kryjpir2.are
dwarfsdr.are
murfort.are
oktrak8.are
bagni.are
szarwzgo.are
obitrakt.are
obiltrak.are
przeudre.are
taslolas.are
traktl4.are
obillow.are
kryzbojc.are
kamfort.are
adriakon.are
wios1.are
obilkarc.are
darkcast.are
smiecmen.are
domekmag.are
jaskinie.are
maelon.are
stateknk.are
podmtw.are
wielkpus.are
carrpuzb.are
torque.are
silmawys.are
dwowseym.are
obilswi2.are
obillowc.are
seeydok.are
harpie.are
obilnizi.are
obiloren.are
obilsils.are
fortstaj.are
carrstaj.are
eastesil.are
oktrak1.are
krptkam.are
huta.are
vaniowem.are
obilchat.are
tannis.are
pusqimth.are
chatathi.are
drodonek.are
zatmiast.are
carrhame.are
yugorasz.are
obilyutn.are
podzdro.are
kanionnk.are
zapom2nk.are
zamport.are
gorazrod.are
oktrak2.are
oktrak3.are
oktrak5.are
oktrak4.are
nkdrogan.are
oktrak6.are
area466.are
oktrak10.are
oktrak11.are
stepy01.are
mpola01.are
wieza.are
pastwarr.are
arrkras.are
doobilon.are
dwarfmin.are
okwioch.are
trobilon.are
obidok.are
oazanoma.are
clandrog.are
clanbkis.are
clanarcy.are
clanarm3.are
clanarmi.are
clanbani.are
clanbrac.are
clanchao.are
clanfeni.are
clangcgr.are
clangild.are
clanhord.are
clankasz.are
clanlode.are
clanamag.are
krasmrok.are
clannisz.are
clanprze.are
clanry2c.are
clansekt.are
clanstra.are
clanswie.are
clanteli.are
clanvirt.are
clanwilc.are
clanwyla.are
clanwygn.are
clanzgrs.are
clanzrco.are
clanmrlo.are
clandro2.are
clanrzez.are
cromtwie.are
ruinnasw.are
clanplem.are
zwierze.are
silekata.are
clanhrab.are
chatpust.are
clanslpo.are
gorteren.are
lq.are
jaskdrag.are
obibro.are
clannaje.are
lezebehe.are
wieswi.are
testowa.are
smokgold.are
mrocznew.are
shipnk2.are
behold.are
domszla.are
smoczegn.are
jastrog.are
trapod.are
podmfutg.are
gildzlo.are
szkldro.are
clanupad.are
jask.are
clanorzl.are
area507.are
jaskpaj.are
krasbrow.are
pormias.are
wysnekro.are
obilstaw.are
area512.are
gorsork.are
carrlat2.are
obilharp.are
lasszor.are
wiosciem.are
carrkapl.are
gurthg1.are
sciezzam.are
qimth.are
przydkap.are
siewsmi.are
clanwedr.are
mykonid.are
area537.are
legoszcz.are
zwiendy.are
area541.are
clanjeva.are
area541.are
clannpko.are
sciekapl.are
clansyno.are
area548.are
clanpokr.are
clanzapr.are
area507.are
fortdni.are
area497.are
strafald.are
sejna.are
brzgsej1.are
cmntarr1.are
przdbag.are
brzgsej2.are
brzgsej3.are
brzgsej4.are
brzgsej5.are
brzgsej6.are
brzgsej7.are
brzgsej8.are
brzgse81.are
brzgsej9.are
sejna2.are
wypbagn1.are
wypbagn2.are
brzgse10.are
brzgse11.are
brzgse12.are
pldsmcz1.are
pldsmcz2.are
pldsmcz3.are
uzupelfy.are
pldsmcz4.are
plnsmcz1.are
pldsmcz5.are
rzksmcz1.are
pldsmcz6.are
pldsmcz7.are
pldsmcz8.are
pldsmcz9.are
uzupsmcz.are
pldsmc10.are
zapas001.are
pldsmc11.are
uzusmo2.are
uzusmcz3.are
uzusmcz4.are
uzusmcz5.are
uzusmcz6.are
fortlas1.are
wyfort4.are
wyfort3.are
wyfort5.are
tarmei.are
wyfort1.are
wyfort2.are
area537.are
rnd61001.are
rnd61382.are
rnd61785.are
rnd53139.are
smocz11.are
rnd62162.are
rnd63279.are
rnd63792.are
rnd64025.are
rnd64546.are
rnd64578.are
rnd64632.are
rnd53801.are
rnd54481.are
jasknz.are
formit.are
area553.are
area554.are
area555.are
area557.are
area506.are
rnd80000.are
area502.are
area503.are
rnd81316.are
rnd81646.are
area506.are
area507.are
rnd82146.are
rnd83146.are
rnd85874.are
rnd88602.are
rnd90102.are
cypvan1.are
cypvan2.are
$
